// Jest Snapshot v1, https://goo.gl/fbAQLP

exports[`jsonToHtml should generate HTML with a hero component 1`] = `"<div class="hero" style="background-image: url('https://www.google.com/images/branding/googlelogo/1x/googlelogo_color_272x92dp.png');"><div class="container"><h2>Olá, eu sou o João</h2><a href="#contact">Entrar em contato</a></div></div>"`;
