// Jest Snapshot v1, https://goo.gl/fbAQLP

exports[`generateHeroToHtml should compile Hero SCSS to CSS 1`] = `
".hero {
  display: flex;
  flex-direction: column;
  align-items: center;
  padding: 20px;
  height: 100dvh;
  background-repeat: no-repeat;
  background-position: center;
  background-size: cover;
}
.hero .container {
  margin: auto;
  display: flex;
  flex-direction: column;
  align-items: center;
  justify-content: center;
  background-color: rgba(51, 51, 51, 0.6392156863);
  border-radius: 8px;
  padding: 20px;
}
@media (min-width: 768px) {
  .hero .container {
    gap: 20px;
    padding: 80px;
  }
}
.hero h2 {
  font-size: 3rem;
  margin-bottom: 10px;
  color: white;
  text-align: center;
}
@media (min-width: 768px) {
  .hero h2 {
    font-size: 5rem;
  }
}
.hero a {
  text-decoration: none;
  color: black;
  background-color: white;
  padding: 10px 20px;
  border-radius: 8px;
  margin: auto;
  font-size: 1.5rem;
}"
`;

exports[`generateHeroToHtml should generate HTML with cta only 1`] = `"<div class="hero"><div class="container"><a href="https://example.com">Click here</a></div></div>"`;

exports[`generateHeroToHtml should generate HTML with image only 1`] = `"<div class="hero" style="background-image: url('image.jpg');"><div class="container"></div></div>"`;

exports[`generateHeroToHtml should generate HTML with title only 1`] = `"<div class="hero"><div class="container"><h2>Hero Title</h2></div></div>"`;

exports[`generateHeroToHtml should generate HTML with title, image, and cta 1`] = `"<div class="hero" style="background-image: url('image.jpg');"><div class="container"><h2>Hero Title</h2><a href="https://example.com">Click here</a></div></div>"`;
